---
source: crates/chat-app-server/tests/api/users.rs
assertion_line: 54
expression: actual
snapshot_kind: text
---
{
  "username": "[value varies]",
  "display_name": "Admin User",
  "force_pass_change": true,
  "assigned_role": 2,
  "enabled": true,
  "locked_out": false,
  "failed_attempts": 0,
  "pass_change_date": "[date]"
}
